{
    "@context": "http://purl.imsglobal.org/ctx/caliper/v1p2",
    "action": "Submitted",
    "actor": {
        "id": "32e08e30-f8ae-4ce2-94a8-c2bfe38a70cb",
        "type": "Person"
    },
    "eventTime": "2020-07-14T14:39:26.906Z",
    "id": "urn:uuid:129915b8-4455-46d9-9da5-ef0707fddc06",
    "object": {
        "extensions": {
            "course_id":"course-v1:edX+DemoX+Demo_Course",
            "answers": {
                "3fc5461f86764ad7bdbdf6cbdde61e66_2_1": [
                    "choice_0",
                    "choice_2"
                ]
            },
            "attempts": 10,
            "correct_map": {
                "3fc5461f86764ad7bdbdf6cbdde61e66_2_1": {
                    "answervariable": null,
                    "correctness": "incorrect",
                    "hint": "",
                    "hintmode": null,
                    "msg": "",
                    "npoints": null,
                    "queuestate": null
                }
            },
            "grade": 0,
            "max_grade": 1,
            "state": {
                "correct_map": {
                    "3fc5461f86764ad7bdbdf6cbdde61e66_2_1": {
                        "answervariable": null,
                        "correctness": "incorrect",
                        "hint": "",
                        "hintmode": null,
                        "msg": "",
                        "npoints": null,
                        "queuestate": null
                    }
                },
                "done": true,
                "has_saved_answers": false,
                "input_state": {
                    "3fc5461f86764ad7bdbdf6cbdde61e66_2_1": {}
                },
                "seed": 1,
                "student_answers": {
                    "3fc5461f86764ad7bdbdf6cbdde61e66_2_1": [
                        "choice_0",
                        "choice_1",
                        "choice_2",
                        "choice_3"
                    ]
                }
            },
            "submission": {
                "3fc5461f86764ad7bdbdf6cbdde61e66_2_1": {
                    "answer": [
                        "a correct answer",
                        "an incorrect answer"
                    ],
                    "correct": false,
                    "group_label": "",
                    "input_type": "checkboxgroup",
                    "question": "Add the question text, or prompt, here. This text is required.",
                    "response_type": "choiceresponse",
                    "variant": ""
                }
            },
            "success": "incorrect"
        },
        "id": "block-v1:edX+DemoX+Demo_Course+type@problem+block@3fc5461f86764ad7bdbdf6cbdde61e66",
        "type": "Assessment"
    },
    "referrer": {
        "id": "http://localhost:18000/courses/course-v1:edX+DemoX+Demo_Course/courseware/8b66dcd2d6134eda9355089ece4f39f6/ef37eb3cf1724e38b7f88a9ce85a4842/?activate_block_id=block-v1%3AedX%2BDemoX%2BDemo_Course%2Btype%40sequential%2Bblock%40ef37eb3cf1724e38b7f88a9ce85a4842",
        "type": "WebPage"
    },
    "type": "AssessmentEvent"
}
