{
    "@context": "http://purl.imsglobal.org/ctx/caliper/v1p2",
    "action": "Viewed",
    "actor": {
        "id": "32e08e30-f8ae-4ce2-94a8-c2bfe38a70cb",
        "type": "Person"
    },
    "eventTime": "2020-07-15T06:07:37.810Z",
    "id": "urn:uuid:46177499-f443-498d-b65c-3c2daf15e4c6",
    "object": {
        "extensions": {
            "course_id": "course-v1:edX+DemoX+Demo_Course"
        },
        "id": "block-v1:edX+DemoX+Demo_Course+type@problem+block@3fc5461f86764ad7bdbdf6cbdde61e66",
        "type": "Frame"
    },
    "referrer": {
        "id": "http://localhost:18000/courses/course-v1:edX+DemoX+Demo_Course/courseware/8b66dcd2d6134eda9355089ece4f39f6/ef37eb3cf1724e38b7f88a9ce85a4842/?activate_block_id=block-v1%3AedX%2BDemoX%2BDemo_Course%2Btype%40sequential%2Bblock%40ef37eb3cf1724e38b7f88a9ce85a4842",
        "type": "WebPage"
    },
    "type": "ViewEvent"
}
